python : [12:00:57] mapped at
oms in the reactants were not
 mapped in the products.
発生場所 行:1 文字:1
+ python -m pytest test_mecha
nism_simulator.py -s > pytest
_output.txt 2 ...
+ ~~~~~~~~~~~~~~~~~~~~~~~~~~~
~~~~~~~~~~~~~~~~~~~~~~~~~~~~~
~~~~~~~~~~~~~
    + CategoryInfo           
   : NotSpecified: ([12:00:  
  57] mapp...n the product   
 s.:String) [], RemoteExc    
eption
    + FullyQualifiedErrorId  
   : NativeCommandError
 
  unmapped numbers are: 2 
[12:00:57] mapped atoms in th
e reactants were not mapped i
n the products.
  unmapped numbers are: 2 4 
[12:00:57] SMILES Parse Error
: syntax error while parsing:
 HNO3
[12:00:57] SMILES Parse Error
: check for mistakes around p
osition 1:
[12:00:57] HNO3
[12:00:57] ^
[12:00:57] SMILES Parse Error
: Failed parsing SMILES 'HNO3
' for input: 'HNO3'
[12:00:57] SMILES Parse Error
: syntax error while parsing:
 NaOH
[12:00:57] SMILES Parse Error
: check for mistakes around p
osition 2:
[12:00:57] NaOH
[12:00:57] ~^
[12:00:57] SMILES Parse Error
: Failed parsing SMILES 'NaOH
' for input: 'NaOH'
[12:00:57] SMILES Parse Error
: syntax error while parsing:
 HNO3
[12:00:57] SMILES Parse Error
: check for mistakes around p
osition 1:
[12:00:57] HNO3
[12:00:57] ^
[12:00:57] SMILES Parse Error
: Failed parsing SMILES 'HNO3
' for input: 'HNO3'
[12:00:57] SMILES Parse Error
: syntax error while parsing:
 LiAlH4
[12:00:57] SMILES Parse Error
: check for mistakes around p
osition 1:
[12:00:57] LiAlH4
[12:00:57] ^
[12:00:57] SMILES Parse Error
: Failed parsing SMILES 'LiAl
H4' for input: 'LiAlH4'
[12:00:57] SMILES Parse Error
: syntax error while parsing:
 Mg
[12:00:57] SMILES Parse Error
: check for mistakes around p
osition 1:
[12:00:57] Mg
[12:00:57] ^
[12:00:57] SMILES Parse Error
: Failed parsing SMILES 'Mg' 
for input: 'Mg'
[12:00:57] SMILES Parse Error
: syntax error while parsing:
 TBAF
[12:00:57] SMILES Parse Error
: check for mistakes around p
osition 1:
[12:00:57] TBAF
[12:00:57] ^
[12:00:57] SMILES Parse Error
: Failed parsing SMILES 'TBAF
' for input: 'TBAF'
============================= test session starts =============================
platform win32 -- Python 3.14.2, pytest-9.0.2, pluggy-1.6.0
rootdir: C:\Users\kadum\chemfactory\backend\chem-factory-api
plugins: anyio-4.12.1
collected 2 items

test_mechanism_simulator.py 
SN2 Response: {'success': True, 'is_correct': True, 'result_smiles': 'CO.[Cl-]', 'error_message': None, 'lone_pairs': {'atom_0': 3, 'atom_1': 0, 'atom_2': 3, 'atom_3': 0, 'atom_4': 0, 'atom_5': 0, 'atom_6': 0}, 'puzzle_graph': {'atoms': [{'idx': 0, 'symbol': 'C', 'x': 0.4330127018922193, 'y': 2.7755575615628914e-17, 'is_reactive': True}, {'idx': 1, 'symbol': 'O', 'x': -0.8660254037844386, 'y': -0.7499999999999998, 'is_reactive': True}, {'idx': 2, 'symbol': 'Cl', 'x': 0.0, 'y': 2.299038105676658, 'is_reactive': True}, {'idx': 3, 'symbol': 'H', 'x': 1.7320508075688772, 'y': 0.7499999999999998, 'is_reactive': True}, {'idx': 4, 'symbol': 'H', 'x': 1.1830127018922192, 'y': -1.2990381056766578, 'is_reactive': True}, {'idx': 5, 'symbol': 'H', 'x': -0.31698729810778037, 'y': 1.299038105676658, 'is_reactive': True}, {'idx': 6, 'symbol': 'H', 'x': -2.1650635094610964, 'y': 1.1102230246251565e-16, 'is_reactive': True}], 'bonds': [{'begin_idx': 0, 'end_idx': 1, 'order': 1.0}, {'begin_idx': 0, 'end_idx': 3, 'order': 1.0}, {'begin_idx': 0, 'end_idx': 4, 'order': 1.0}, {'begin_idx': 0, 'end_idx': 5, 'order': 1.0}, {'begin_idx': 1, 'end_idx': 6, 'order': 1.0}]}}
[12:00:57] Explicit valence f
or atom # 0 C, 5, is greater 
than permitted
[12:00:57] Explicit valence f
or atom # 0 C, 5, is greater 
than permitted
.
Valence Response: {'success': False, 'is_correct': False, 'result_smiles': None, 'error_message': '化学的に不可能な構造です: C の結合数が多すぎます (Explicit valence for atom # 0 C, 5, is greater than permitted)', 'lone_pairs': {'atom_0': 0, 'atom_1': 3, 'atom_2': 0, 'atom_3': 0, 'atom_4': 0, 'atom_5': 0, 'atom_6': 0}, 'puzzle_graph': None}
.

============================== warnings summary ===============================
mechanism_simulator.py:17
  C:\Users\kadum\chemfactory\backend\chem-factory-api\mechanism_simulator.py:17: PydanticDeprecatedSince20: Support for class-based `config` is deprecated, use ConfigDict instead. Deprecated in Pydantic V2.0 to be removed in V3.0. See Pydantic V2 Migration Guide at https://errors.pydantic.dev/2.12/migration/
    class Arrow(BaseModel):

main_rdkit.py:656
  C:\Users\kadum\chemfactory\backend\chem-factory-api\main_rdkit.py:656: PydanticDeprecatedSince20: Support for class-based `config` is deprecated, use ConfigDict instead. Deprecated in Pydantic V2.0 to be removed in V3.0. See Pydantic V2 Migration Guide at https://errors.pydantic.dev/2.12/migration/
    class MechanismArrow(BaseModel):

-- Docs: https://docs.pytest.org/en/stable/how-to/capture-warnings.html
======================== 2 passed, 2 warnings in 1.54s ========================
